
> studio-nori@0.1.0 prebuild
> node scripts/optimizeImages.js

Image optimization complete!
Image metadata written to utils/imageMetadata.json
Processed 95 images.

> studio-nori@0.1.0 build
> next build

  ▲ Next.js 14.2.33

   Linting and checking validity of types ...

Failed to compile.

./pages/404.tsx
25:47  Warning: Unexpected any. Specify a different type.  @typescript-eslint/no-explicit-any
26:38  Warning: Unexpected any. Specify a different type.  @typescript-eslint/no-explicit-any

./pages/[locale]/about.tsx
3:8  Warning: 'Link' is defined but never used. Allowed unused vars must match /^_/u.  @typescript-eslint/no-unused-vars
7:8  Warning: 'ResponsiveImage' is defined but never used. Allowed unused vars must match /^_/u.  @typescript-eslint/no-unused-vars
22:32  Warning: Unexpected any. Specify a different type.  @typescript-eslint/no-explicit-any
59:9  Warning: 'getLink' is assigned a value but never used. Allowed unused vars must match /^_/u.  @typescript-eslint/no-unused-vars
297:11  Warning: Unexpected any. Specify a different type.  @typescript-eslint/no-explicit-any

./pages/[locale]/index.tsx
7:10  Warning: 'PAGE_TITLE_ANIMATION' is defined but never used. Allowed unused vars must match /^_/u.  @typescript-eslint/no-unused-vars
7:32  Warning: 'PAGE_SUBTITLE_ANIMATION' is defined but never used. Allowed unused vars must match /^_/u.  @typescript-eslint/no-unused-vars
15:8  Warning: 'ResponsiveImage' is defined but never used. Allowed unused vars must match /^_/u.  @typescript-eslint/no-unused-vars
174:10  Warning: Unexpected any. Specify a different type.  @typescript-eslint/no-explicit-any

./pages/[locale]/lesson.tsx
4:51  Warning: 'Users' is defined but never used. Allowed unused vars must match /^_/u.  @typescript-eslint/no-unused-vars
6:8  Warning: 'ResponsiveImage' is defined but never used. Allowed unused vars must match /^_/u.  @typescript-eslint/no-unused-vars
13:8  Warning: 'Link' is defined but never used. Allowed unused vars must match /^_/u.  @typescript-eslint/no-unused-vars
53:11  Warning: 'getLink' is assigned a value but never used. Allowed unused vars must match /^_/u.  @typescript-eslint/no-unused-vars
296:12  Warning: Unexpected any. Specify a different type.  @typescript-eslint/no-explicit-any

./pages/[locale]/portfolio/[id].tsx
156:16  Warning: Unexpected any. Specify a different type.  @typescript-eslint/no-explicit-any

./pages/[locale]/portfolio.tsx
49:5  Warning: React Hook useMemo has an unnecessary dependency: 't'. Either exclude it or remove the dependency array.  react-hooks/exhaustive-deps

./pages/[locale]/practice-room.tsx
3:8  Warning: 'Link' is defined but never used. Allowed unused vars must match /^_/u.  @typescript-eslint/no-unused-vars
7:10  Warning: 'PAGE_TITLE_ANIMATION' is defined but never used. Allowed unused vars must match /^_/u.  @typescript-eslint/no-unused-vars
7:32  Warning: 'PAGE_SUBTITLE_ANIMATION' is defined but never used. Allowed unused vars must match /^_/u.  @typescript-eslint/no-unused-vars
22:77  Warning: Unexpected any. Specify a different type.  @typescript-eslint/no-explicit-any
34:76  Warning: Unexpected any. Specify a different type.  @typescript-eslint/no-explicit-any
47:116  Warning: Unexpected any. Specify a different type.  @typescript-eslint/no-explicit-any
61:9  Warning: 'getLink' is assigned a value but never used. Allowed unused vars must match /^_/u.  @typescript-eslint/no-unused-vars
307:18  Warning: Unexpected any. Specify a different type.  @typescript-eslint/no-explicit-any

./pages/[locale]/pricing.tsx
1:1  Error: Do not use "@ts-nocheck" because it alters compilation errors.  @typescript-eslint/ban-ts-comment
4:8  Warning: 'Link' is defined but never used. Allowed unused vars must match /^_/u.  @typescript-eslint/no-unused-vars
5:10  Warning: 'motion' is defined but never used. Allowed unused vars must match /^_/u.  @typescript-eslint/no-unused-vars
6:40  Warning: 'TrendingUp' is defined but never used. Allowed unused vars must match /^_/u.  @typescript-eslint/no-unused-vars
6:52  Warning: 'Check' is defined but never used. Allowed unused vars must match /^_/u.  @typescript-eslint/no-unused-vars
6:65  Warning: 'CalendarCheck' is defined but never used. Allowed unused vars must match /^_/u.  @typescript-eslint/no-unused-vars
10:10  Warning: 'PAGE_TITLE_ANIMATION' is defined but never used. Allowed unused vars must match /^_/u.  @typescript-eslint/no-unused-vars
10:32  Warning: 'PAGE_SUBTITLE_ANIMATION' is defined but never used. Allowed unused vars must match /^_/u.  @typescript-eslint/no-unused-vars
17:8  Warning: 'ResponsiveImage' is defined but never used. Allowed unused vars must match /^_/u.  @typescript-eslint/no-unused-vars
20:32  Warning: 'getCommonStaticProps' is defined but never used. Allowed unused vars must match /^_/u.  @typescript-eslint/no-unused-vars
41:9  Warning: 'getLink' is assigned a value but never used. Allowed unused vars must match /^_/u.  @typescript-eslint/no-unused-vars
65:51  Warning: Unexpected any. Specify a different type.  @typescript-eslint/no-explicit-any
87:7  Warning: React Hook React.useCallback has a missing dependency: 't'. Either include it or remove the dependency array.  react-hooks/exhaustive-deps
89:68  Warning: Unexpected any. Specify a different type.  @typescript-eslint/no-explicit-any
109:5  Warning: React Hook React.useMemo has a missing dependency: 't'. Either include it or remove the dependency array.  react-hooks/exhaustive-deps
339:13  Warning: Unexpected any. Specify a different type.  @typescript-eslint/no-explicit-any

./pages/[locale]/stories/[id].tsx
12:8  Warning: 'ResponsiveImage' is defined but never used. Allowed unused vars must match /^_/u.  @typescript-eslint/no-unused-vars
164:65  Warning: Unexpected any. Specify a different type.  @typescript-eslint/no-explicit-any
180:21  Warning: Unexpected any. Specify a different type.  @typescript-eslint/no-explicit-any

./pages/[locale]/stories/index.tsx
9:10  Warning: 'PAGE_TITLE_ANIMATION' is defined but never used. Allowed unused vars must match /^_/u.  @typescript-eslint/no-unused-vars
9:32  Warning: 'PAGE_SUBTITLE_ANIMATION' is defined but never used. Allowed unused vars must match /^_/u.  @typescript-eslint/no-unused-vars
82:61  Warning: Unexpected any. Specify a different type.  @typescript-eslint/no-explicit-any
92:17  Warning: Unexpected any. Specify a different type.  @typescript-eslint/no-explicit-any

./pages/[locale]/studio-info.tsx
2:8  Warning: 'Link' is defined but never used. Allowed unused vars must match /^_/u.  @typescript-eslint/no-unused-vars
5:76  Warning: 'MessageCircle' is defined but never used. Allowed unused vars must match /^_/u.  @typescript-eslint/no-unused-vars
5:91  Warning: 'Sparkles' is defined but never used. Allowed unused vars must match /^_/u.  @typescript-eslint/no-unused-vars
15:32  Warning: 'getCommonStaticProps' is defined but never used. Allowed unused vars must match /^_/u.  @typescript-eslint/no-unused-vars
28:9  Warning: 'getLink' is assigned a value but never used. Allowed unused vars must match /^_/u.  @typescript-eslint/no-unused-vars
186:12  Warning: Unexpected any. Specify a different type.  @typescript-eslint/no-explicit-any
191:52  Warning: Unexpected any. Specify a different type.  @typescript-eslint/no-explicit-any

./pages/api/contact/send-email.ts
51:24  Warning: Unexpected any. Specify a different type.  @typescript-eslint/no-explicit-any

./components/LocalizedLink.tsx
11:18  Warning: Unexpected any. Specify a different type.  @typescript-eslint/no-explicit-any

./components/MarkdownRenderer.tsx
8:33  Warning: Unexpected any. Specify a different type.  @typescript-eslint/no-explicit-any
19:57  Warning: Unexpected any. Specify a different type.  @typescript-eslint/no-explicit-any
20:57  Warning: Unexpected any. Specify a different type.  @typescript-eslint/no-explicit-any
21:50  Warning: Unexpected any. Specify a different type.  @typescript-eslint/no-explicit-any
22:50  Warning: Unexpected any. Specify a different type.  @typescript-eslint/no-explicit-any
23:51  Warning: Unexpected any. Specify a different type.  @typescript-eslint/no-explicit-any
75:57  Warning: Unexpected any. Specify a different type.  @typescript-eslint/no-explicit-any
83:61  Warning: Unexpected any. Specify a different type.  @typescript-eslint/no-explicit-any
96:61  Warning: Unexpected any. Specify a different type.  @typescript-eslint/no-explicit-any
109:61  Warning: Unexpected any. Specify a different type.  @typescript-eslint/no-explicit-any
122:61  Warning: Unexpected any. Specify a different type.  @typescript-eslint/no-explicit-any
136:51  Warning: Unexpected any. Specify a different type.  @typescript-eslint/no-explicit-any
146:51  Warning: Unexpected any. Specify a different type.  @typescript-eslint/no-explicit-any
153:51  Warning: Unexpected any. Specify a different type.  @typescript-eslint/no-explicit-any
161:51  Warning: Unexpected any. Specify a different type.  @typescript-eslint/no-explicit-any
176:51  Warning: Unexpected any. Specify a different type.  @typescript-eslint/no-explicit-any
191:51  Warning: Unexpected any. Specify a different type.  @typescript-eslint/no-explicit-any
202:51  Warning: Unexpected any. Specify a different type.  @typescript-eslint/no-explicit-any
210:57  Warning: Unexpected any. Specify a different type.  @typescript-eslint/no-explicit-any
215:60  Warning: Unexpected any. Specify a different type.  @typescript-eslint/no-explicit-any
228:50  Warning: Unexpected any. Specify a different type.  @typescript-eslint/no-explicit-any
268:52  Warning: Unexpected any. Specify a different type.  @typescript-eslint/no-explicit-any
277:62  Warning: Unexpected any. Specify a different type.  @typescript-eslint/no-explicit-any
290:51  Warning: Unexpected any. Specify a different type.  @typescript-eslint/no-explicit-any
299:51  Warning: Unexpected any. Specify a different type.  @typescript-eslint/no-explicit-any
306:51  Warning: Unexpected any. Specify a different type.  @typescript-eslint/no-explicit-any
315:35  Warning: Unexpected any. Specify a different type.  @typescript-eslint/no-explicit-any

./components/PortfolioDetailModal.tsx
104:102  Warning: Unexpected any. Specify a different type.  @typescript-eslint/no-explicit-any

./components/ResponsiveImage.tsx
23:18  Warning: Unexpected any. Specify a different type.  @typescript-eslint/no-explicit-any

./components/SEO.tsx
24:12  Warning: Unexpected any. Specify a different type.  @typescript-eslint/no-explicit-any
167:18  Warning: Unexpected any. Specify a different type.  @typescript-eslint/no-explicit-any
169:30  Warning: Unexpected any. Specify a different type.  @typescript-eslint/no-explicit-any
220:64  Warning: Unexpected any. Specify a different type.  @typescript-eslint/no-explicit-any
224:57  Warning: Unexpected any. Specify a different type.  @typescript-eslint/no-explicit-any
240:31  Warning: Unexpected any. Specify a different type.  @typescript-eslint/no-explicit-any

./components/layout/Header.tsx
130:15  Warning: Using `<img>` could result in slower LCP and higher bandwidth. Consider using `<Image />` from `next/image` to automatically optimize images. This may incur additional usage or cost from your provider. See: https://nextjs.org/docs/messages/no-img-element  @next/next/no-img-element
139:15  Warning: Using `<img>` could result in slower LCP and higher bandwidth. Consider using `<Image />` from `next/image` to automatically optimize images. This may incur additional usage or cost from your provider. See: https://nextjs.org/docs/messages/no-img-element  @next/next/no-img-element

./components/ui/MediaGallery.tsx
9:99  Warning: Unexpected any. Specify a different type.  @typescript-eslint/no-explicit-any

./components/ui/PricingCard.tsx
16:24  Warning: 'id' is defined but never used. Allowed unused args must match /^_/u.  @typescript-eslint/no-unused-vars

./components/ui/ProjectRowCard.tsx
3:24  Warning: 'Disc' is defined but never used. Allowed unused vars must match /^_/u.  @typescript-eslint/no-unused-vars

./lib/getStatic.ts
10:56  Warning: Unexpected any. Specify a different type.  @typescript-eslint/no-explicit-any

./lib/stories.ts
10:35  Warning: 'StoryFrontmatter' is defined but never used. Allowed unused vars must match /^_/u.  @typescript-eslint/no-unused-vars

info  - Need to disable some ESLint rules? Learn more here: https://nextjs.org/docs/basic-features/eslint#disabling-rules
